---
source: crates/greentic-component/tests/wizard_provider_tests.rs
assertion_line: 120
expression: snap
---
{
  "plan_version": 1,
  "generator": "greentic-component/wizard-provider",
  "template_version": "component-scaffold-v0.6.0",
  "template_digest_blake3": "09ec7a0a15caec71da82b3eafdd8c6c9c547d636c46f549ddce66cf0f7788dbb",
  "requested_abi_version": "0.6.0",
  "step_count": 2,
  "steps": [
    {
      "kind": "ensure_dir",
      "path": "assets/i18n,schemas,src,tools",
      "size": null,
      "blake3": null
    },
    {
      "kind": "write_files",
      "path": "Cargo.toml,Makefile,README.md,assets/i18n/en.json,assets/i18n/locales.json,build.rs,component.manifest.json,rust-toolchain.toml,schemas/component.schema.json,src/i18n.rs,src/i18n_bundle.rs,src/lib.rs,src/qa.rs,tools/i18n.sh",
      "size": 34498,
      "blake3": "af26fdee60b72cd785c763772fcddb68f452f672c6fb8ea0f92b1ae9156018fe"
    }
  ]
}
